export const snapshot = {};

snapshot[`global > GET / > should render the home page 1`] = `
'
<main>
  <div class="container mt-5">
    <div class="row">
      <div class="col text-center">
        <h1 class="display-1">
          Welcome to music follower admin
        </h1>
        <h3>
          See your releases and manage your artists
        </h3>
      </div>
    </div>
  </div>
</main>
'
`;
