export const snapshot = {};

snapshot[`global > GET /releases/:id/:type > snapshot > should display release 1`] = `
'
<body>
  <nav class="navbar navbar-expand-lg bg-body-tertiary">
    <div class="container">
      <a
        class="navbar-brand"
        href="/"
      >
        Music Follower
      </a>
      <button
        class="navbar-toggler"
        type="button"
        data-bs-toggle="collapse"
        data-bs-target="#navbarSupportedContent"
        aria-controls="navbarSupportedContent"
        aria-expanded="false"
        aria-label="Toggle navigation"
      >
        <span class="navbar-toggler-icon">
        </span>
      </button>
      <div
        class="collapse navbar-collapse"
        id="navbarSupportedContent"
      >
        <ul class="navbar-nav me-auto mb-2 mb-lg-0">
          <li class="nav-item">
            <a
              class="nav-link "
              aria-current="page"
              href="/"
            >
              Home
            </a>
          </li>
          <li class="nav-item">
            <a
              class="nav-link "
              href="/artists"
            >
              Artists
            </a>
          </li>
          <li class="nav-item">
            <a
              class="nav-link active"
              href="/releases"
            >
              Releases
            </a>
          </li>
          <div
            class="modal fade"
            id="confirm-delete-account-modal"
            tabindex="-1"
          >
            <div class="modal-dialog">
              <div class="modal-content">
                <div class="modal-header">
                  <h5 class="modal-title">
                    Confirm delete account
                  </h5>
                  <button
                    type="button"
                    class="btn-close"
                    data-bs-dismiss="modal"
                    aria-label="Close"
                  >
                  </button>
                </div>
                <div class="modal-body">
                  <p>
                    Are you sure you want to delet the current auth account?
                  </p>
                  <p>
                    You will be able to create a new one.
                  </p>
                </div>
                <div class="modal-footer">
                  <form
                    method="post"
                    action="/auth/delete"
                  >
                    <input
                      class="btn btn-outline-primary"
                      type="submit"
                      value="Confirm"
                    >
                  </form>
                  <button
                    type="button"
                    class="btn btn-outline-secondary"
                    data-bs-dismiss="modal"
                  >
                    Cancel
                  </button>
                </div>
              </div>
            </div>
          </div>
          <li
            class="nav-item"
            data-bs-toggle="modal"
            data-bs-target="#confirm-delete-account-modal"
          >
            <a
              class="nav-link"
              style="cursor:pointer"
            >
              Delete account?
            </a>
          </li>
          <li class="nav-item">
            <form
              method="post"
              action="/auth/logout"
            >
              <input
                type="submit"
                value="Logout"
                class="nav-link"
              >
            </form>
          </li>
        </ul>
      </div>
    </div>
  </nav>
  <div
    id="flash-messages"
    class="position-fixed z-3 vstack gap-2 overflow-x-hidden overflow-y-scroll"
    style="bottom:1.3rem;right:1.3rem;width:600px;top:1.3rem;pointer-events:none"
  >
    <div
      class="alert alert-success alert-dismissible fade show mb-0 d-flex align-items-center"
      role="alert"
      style="pointer-events:all"
    >
      <i class="bi bi-check-square me-2">
      </i>
      Successfull login
      <button
        type="button"
        class="btn-close"
        data-bs-dismiss="alert"
        aria-label="Close"
      >
      </button>
    </div>
  </div>
  <header
    class="mx-auto my-3 position-sticky z-2 mb-5"
    style="top:1rem"
  >
    <div class="container">
      <div class="row">
        <div class="col">
          <div class="card px-3 py-4">
            <div class="card-body d-flex justify-content-center align-items-center">
              <form
                action="/releases/1/track/state"
                method="post"
                style="margin-right: 8px"
              >
                <input
                  type="hidden"
                  name="option"
                  value="admin"
                >
                <input
                  class="form-control"
                  type="hidden"
                  name="state"
                  value="hide"
                >
                <button
                  type="submit"
                  class="btn btn-outline-primary"
                >
                  Hidden Admin
                  <i class="bi bi-square">
                  </i>
                </button>
              </form>
              <form
                action="/releases/1/track/state"
                method="post"
              >
                <input
                  type="hidden"
                  name="option"
                  value="feed"
                >
                <input
                  class="form-control"
                  type="hidden"
                  name="state"
                  value="hide"
                >
                <button
                  type="submit"
                  class="btn btn-outline-primary"
                >
                  Hidden Feed
                  <i class="bi bi-square">
                  </i>
                </button>
              </form>
            </div>
          </div>
        </div>
      </div>
    </div>
  </header>
  <main>
    <div class="container">
      <div class="row">
        <div class="col-12">
          <div style="display: flex; justify-content: center">
            <img
              class="img-fluid rounded mb-2"
              src="http://example.com"
              style="aspect-ratio:1 / 1"
            >
          </div>
          <h3>
            bar by foo
          </h3>
          <span class="badge rounded-pill text-bg-primary mb-2">
            track
          </span>
          <p>
            Release date: N/A
          </p>
          <h4>
            Metadata:
          </h4>
          <pre>
            {}
          </pre>
        </div>
      </div>
    </div>
  </main>
  <script
    type="module"
    src="/deps/bootstrap/dist/js/bootstrap.bundle.js"
  >
  </script>
</body>
'
`;
